
python3 test_full_flow.py
Monitor iniciado. Ciclo cada 100ms.
[2026-06-15 11:12:38] Error en bucle principal: dictionary changed size during iteration
[2026-06-15 11:42:34] Error en bucle principal: dictionary changed size during iteration
[2026-06-15 11:43:16] Error en bucle principal: dictionary changed size during iteration
[2026-06-16 07:37:49] Stop Monitor iniciado. Ciclo cada 100ms.
[2026-06-16 07:43:08] Stop Monitor iniciado. Ciclo cada 100ms.
[2026-06-16 07:44:18] Stop Monitor iniciado. Ciclo cada 100ms.
[2026-06-16 07:45:10] Stop Monitor iniciado. Ciclo cada 100ms.
[2026-06-16 07:52:30] Stop Monitor iniciado. Ciclo cada 100ms.
[2026-06-17 18:01:29] Stop Monitor iniciado. Ciclo cada 100ms. Auditor de salida activo.
[2026-06-17 18:05:10] Stop Monitor iniciado. Ciclo cada 100ms. Auditor de salida activo.
[2026-06-17 18:31:30] Stop Monitor iniciado. Ciclo cada 100ms. Auditor de salida activo.
[2026-06-17 18:46:43] Stop Monitor iniciado. Ciclo cada 100ms. Auditor de salida activo.
[2026-06-17 19:15:06] Stop Monitor iniciado. Ciclo cada 100ms. Auditor de salida activo.
[2026-06-17 19:16:52] Stop Monitor iniciado. Ciclo cada 100ms. Auditor de salida activo.
[2026-06-17 20:38:22] Stop Monitor iniciado. Ciclo cada 100ms. Auditor de salida activo.
[2026-06-18 08:56:40] Stop Monitor iniciado. Ciclo cada 100ms. Auditor de salida activo.
[2026-06-19 01:33:10] Stop Monitor iniciado. Ciclo cada 100ms. Auditor de salida activo.
[2026-06-19 10:41:05] Stop Monitor iniciado. Ciclo cada 100ms. Auditor de salida activo.
[2026-06-19 14:01:36] Stop Monitor iniciado. Ciclo cada 100ms. Auditor de salida activo.
[2026-06-19 14:07:16] Stop Monitor iniciado. Ciclo cada 100ms. Auditor de salida activo.
[2026-06-19 15:05:05] Stop Monitor iniciado. Ciclo cada 100ms. Auditor de salida activo.
[2026-06-19 15:24:59] Stop Monitor iniciado. Ciclo cada 100ms. Auditor de salida activo.
[2026-06-20 01:19:27] Error en bucle principal: dictionary changed size during iteration
[2026-06-20 10:40:35] Stop Monitor iniciado. Ciclo cada 100ms. Auditor de salida activo.
[2026-06-20 11:01:51] Stop Monitor iniciado. Ciclo cada 100ms. Auditor de salida activo.
[2026-06-20 11:13:14] Stop Monitor iniciado. Ciclo cada 100ms. Auditor de salida activo.
[2026-06-20 12:47:13] Stop Monitor iniciado. Ciclo cada 100ms. Auditor de salida activo.
[2026-06-20 14:05:41] Stop Monitor iniciado. Ciclo cada 100ms. Auditor de salida activo.
[2026-06-20 16:41:39] Stop Monitor iniciado. Ciclo cada 100ms. Auditor de salida activo.
[2026-06-20 17:35:06] Stop Monitor iniciado. Ciclo cada 100ms. Auditor de salida activo.
[2026-06-21 11:01:27] Stop Monitor iniciado. Ciclo cada 100ms. Auditor de salida activo.
[2026-06-21 11:04:27] Stop Monitor iniciado. Ciclo cada 100ms. Auditor de salida activo.
[2026-06-22 10:03:39] Stop Monitor iniciado. Ciclo cada 100ms. Auditor de salida activo.
[2026-06-22 10:39:21] Stop Monitor iniciado. Ciclo cada 100ms. Auditor de salida activo.
[2026-06-23 09:19:52] Stop Monitor iniciado. Ciclo cada 100ms. Auditor de salida activo.
[2026-06-24 13:37:58] Stop Monitor iniciado. Ciclo cada 100ms. Auditor de salida activo.
[2026-06-24 13:49:47] Monitor detenido por el usuario.
[2026-06-24 13:50:02] Stop Monitor REAL iniciado (paper + binance).
[2026-06-24 16:19:35] Stop Monitor REAL iniciado (paper + binance).
[2026-06-24 16:37:05] Monitor detenido.
[2026-06-24 16:37:11] Stop Monitor REAL iniciado (paper + binance).
[2026-06-24 16:37:36] Stop Monitor REAL iniciado (paper + binance).
[2026-06-24 16:38:00] Monitor detenido.
[2026-06-24 16:38:39] Stop Monitor REAL iniciado (paper + binance).
[2026-06-24 18:13:37] Stop Monitor REAL iniciado (paper + binance).
[2026-06-24 19:56:56] Stop Monitor REAL iniciado (paper + binance).
[2026-06-24 20:07:32] Stop Monitor REAL iniciado (paper + binance).
